=== CUDA Big Covering Design Solver ===
Problem: L(49,6,6,3) with b=162 blocks
M-subsets to cover: 13983816
Possible blocks: 13983816

Settings:
  Parallel runs: 1
  Iterations per run: 200
  Sample size: 200 (0.00% of m-subsets)
  Initial temp: 1000.0, Cooling rate: 0.9990
  Number of rounds: 1

[CUDA] Checking for CUDA devices...
[CUDA] Found 1 CUDA device(s)
[CUDA] Selecting device 0...
[CUDA] GPU Name: NVIDIA GeForce RTX 3060 Laptop GPU
[CUDA] GPU Memory: 6.0 GB
[CUDA] SM Count: 30
[CUDA] Max threads per block: 1024
[CUDA] Warp size: 32
[CUDA] Compute capability: 8.6

[CUDA] Warming up GPU...
[CUDA] GPU ready

[CUDA] Copying constants to device...
[CUDA] Constants copied successfully
[CUDA] Memory requirements:
[CUDA]   Solutions: 0.00 MB x 2
[CUDA]   Costs: 0.00 KB x 2
[CUDA]   Random states: 0.00 MB
[CUDA]   Total: 0.00 MB

[CUDA] Allocating device memory...
[CUDA]   Allocating d_solutions (0.00 MB)...
[CUDA]   Allocating d_bestSolutions (0.00 MB)...
[CUDA]   Allocating d_costs...
[CUDA]   Allocating d_bestCosts...
[CUDA]   Allocating d_randStates (0.00 MB)...
[CUDA]   Allocating d_temperatures...
[CUDA] Device memory allocated successfully

Loading starting solution from: 163_1based.txt
Loaded 162 blocks from start file
Starting solution loaded to GPU

Kernel config: 1 blocks x 128 threads = 128 total threads

[CUDA] Initializing 1 random states...
[CUDA] Launching initRandStates kernel: <<<1, 128>>>
[CUDA] Kernel launched, waiting for completion...
[CUDA] Random states initialized successfully


Parameters:
-----------
v             = 49
k             = 6
m             = 6
t             = 3
b             = 162
parallelRuns  = 1
iterations    = 200
sampleSize    = 200
mode          = Record-to-Record Travel
threshold     = 600
costMode      = sampling
rounds        = 1

Round 1/1
---------
initCost      = 279676

Starting Record-to-Record Travel (threshold=600)...

      iter      cost      best     time
    ----------------------------------------
        10    279676    279676      0.2s  *
        20     69919     69919      0.3s  *
        30     69919     69919      0.5s
        40     69919     69919      0.6s
        50     69919     69919      0.8s
        60     69919     69919      1.0s
        70     69919     69919      1.1s
        80     69919     69919      1.3s
        90     69919     69919      1.4s
       100     69919     69919      1.5s
       110     69919     69919      1.6s
       120     69919     69919      1.8s
       130     69919     69919      2.0s
       140     69919     69919      2.1s
       150     69919     69919      2.3s
       160     69919     69919      2.4s
       170     69919     69919      2.5s
       180     69919     69919      2.7s
       190     69919     69919      2.9s
       200     69919     69919      3.0s

Round 1 completed: cost = 69919, best = 69919, time = 3.01s
Iterations: 200 x 1 runs = 200 total

*** NEW BEST: cost = 69919 ***

Solution saved to solution.txt

Total elapsed: 3.1 seconds, Global best: 69919 (round 1)
Estimated evaluations: 200


Statistics:
-----------
bestCost      = 69919
bestRound     = 1
totalTime     = 3.08 seconds
totalRuns     = 1
totalIters    = 200
resultFile    = solution.txt
